// Jest Snapshot v1, https://goo.gl/fbAQLP

exports[`common Image Image renders correctly 1`] = `
<img
  alt="alert"
  className="sc-bdVaJa bDWFJH"
  src="xd"
/>
`;
